[2026-07-30 12:03:48] 监控守护进程启动 (PID: 972)
[2026-07-30 12:03:48] 监控间隔：900秒
[2026-07-30 12:03:48] 按 Ctrl+C 或运行 'fb.sh stop' 停止监控
[2026-07-30 12:03:48] 执行定时检查...
[2026-07-30 12:03:48] ==================================================
[2026-07-30 12:03:48] 开始检查构建状态
[2026-07-30 12:03:48] 错误：未设置 GITHUB_TOKEN 环境变量
[2026-07-30 12:18:49] 执行定时检查...
[2026-07-30 12:18:49] ==================================================
[2026-07-30 12:18:49] 开始检查构建状态
[2026-07-30 12:18:49] 错误：未设置 GITHUB_TOKEN 环境变量
[2026-07-30 12:33:49] 执行定时检查...
[2026-07-30 12:33:49] ==================================================
[2026-07-30 12:33:49] 开始检查构建状态
[2026-07-30 12:33:49] 错误：未设置 GITHUB_TOKEN 环境变量
[2026-07-30 12:48:49] 执行定时检查...
[2026-07-30 12:48:49] ==================================================
[2026-07-30 12:48:49] 开始检查构建状态
[2026-07-30 12:48:49] 错误：未设置 GITHUB_TOKEN 环境变量
[2026-07-30 13:03:49] 执行定时检查...
[2026-07-30 13:03:49] ==================================================
[2026-07-30 13:03:49] 开始检查构建状态
[2026-07-30 13:03:49] 错误：未设置 GITHUB_TOKEN 环境变量
[2026-07-30 13:18:49] 执行定时检查...
[2026-07-30 13:18:49] ==================================================
[2026-07-30 13:18:49] 开始检查构建状态
[2026-07-30 13:18:49] 错误：未设置 GITHUB_TOKEN 环境变量
[2026-07-30 13:33:49] 执行定时检查...
[2026-07-30 13:33:49] ==================================================
[2026-07-30 13:33:49] 开始检查构建状态
[2026-07-30 13:33:49] 错误：未设置 GITHUB_TOKEN 环境变量
[2026-07-30 13:48:49] 执行定时检查...
[2026-07-30 13:48:49] ==================================================
[2026-07-30 13:48:49] 开始检查构建状态
[2026-07-30 13:48:49] 错误：未设置 GITHUB_TOKEN 环境变量
[2026-07-30 14:03:49] 执行定时检查...
[2026-07-30 14:03:49] ==================================================
[2026-07-30 14:03:49] 开始检查构建状态
[2026-07-30 14:03:49] 错误：未设置 GITHUB_TOKEN 环境变量
[2026-07-30 14:18:49] 执行定时检查...
[2026-07-30 14:18:49] ==================================================
[2026-07-30 14:18:49] 开始检查构建状态
[2026-07-30 14:18:49] 错误：未设置 GITHUB_TOKEN 环境变量
[2026-07-30 14:33:49] 执行定时检查...
[2026-07-30 14:33:49] ==================================================
[2026-07-30 14:33:49] 开始检查构建状态
[2026-07-30 14:33:49] 错误：未设置 GITHUB_TOKEN 环境变量
[2026-07-30 14:48:49] 执行定时检查...
[2026-07-30 14:48:49] ==================================================
[2026-07-30 14:48:49] 开始检查构建状态
[2026-07-30 14:48:49] 错误：未设置 GITHUB_TOKEN 环境变量
[2026-07-30 15:03:49] 执行定时检查...
[2026-07-30 15:03:49] ==================================================
[2026-07-30 15:03:49] 开始检查构建状态
[2026-07-30 15:03:49] 错误：未设置 GITHUB_TOKEN 环境变量
[2026-07-30 15:18:49] 执行定时检查...
[2026-07-30 15:18:49] ==================================================
[2026-07-30 15:18:49] 开始检查构建状态
[2026-07-30 15:18:49] 错误：未设置 GITHUB_TOKEN 环境变量
[2026-07-30 15:33:49] 执行定时检查...
[2026-07-30 15:33:49] ==================================================
[2026-07-30 15:33:49] 开始检查构建状态
[2026-07-30 15:33:49] 错误：未设置 GITHUB_TOKEN 环境变量
[2026-07-30 15:48:49] 执行定时检查...
[2026-07-30 15:48:50] ==================================================
[2026-07-30 15:48:50] 开始检查构建状态
[2026-07-30 15:48:50] 错误：未设置 GITHUB_TOKEN 环境变量
[2026-07-30 16:03:50] 执行定时检查...
[2026-07-30 16:03:50] ==================================================
[2026-07-30 16:03:50] 开始检查构建状态
[2026-07-30 16:03:50] 错误：未设置 GITHUB_TOKEN 环境变量
[2026-07-30 16:18:50] 执行定时检查...
[2026-07-30 16:18:50] ==================================================
[2026-07-30 16:18:50] 开始检查构建状态
[2026-07-30 16:18:50] 错误：未设置 GITHUB_TOKEN 环境变量
[2026-07-30 16:33:50] 执行定时检查...
[2026-07-30 16:33:50] ==================================================
[2026-07-30 16:33:50] 开始检查构建状态
[2026-07-30 16:33:50] 错误：未设置 GITHUB_TOKEN 环境变量
[2026-07-30 16:48:50] 执行定时检查...
[2026-07-30 16:48:50] ==================================================
[2026-07-30 16:48:50] 开始检查构建状态
[2026-07-30 16:48:50] 错误：未设置 GITHUB_TOKEN 环境变量
[2026-07-30 17:03:50] 执行定时检查...
[2026-07-30 17:03:50] ==================================================
[2026-07-30 17:03:50] 开始检查构建状态
[2026-07-30 17:03:50] 错误：未设置 GITHUB_TOKEN 环境变量
[2026-07-30 17:18:50] 执行定时检查...
[2026-07-30 17:18:50] ==================================================
[2026-07-30 17:18:50] 开始检查构建状态
[2026-07-30 17:18:50] 错误：未设置 GITHUB_TOKEN 环境变量
[2026-07-30 17:33:50] 执行定时检查...
[2026-07-30 17:33:50] ==================================================
[2026-07-30 17:33:50] 开始检查构建状态
[2026-07-30 17:33:50] 错误：未设置 GITHUB_TOKEN 环境变量
[2026-07-30 17:48:50] 执行定时检查...
[2026-07-30 17:48:50] ==================================================
[2026-07-30 17:48:50] 开始检查构建状态
[2026-07-30 17:48:50] 错误：未设置 GITHUB_TOKEN 环境变量
[2026-07-30 18:03:50] 执行定时检查...
[2026-07-30 18:03:50] ==================================================
[2026-07-30 18:03:50] 开始检查构建状态
[2026-07-30 18:03:50] 错误：未设置 GITHUB_TOKEN 环境变量
[2026-07-30 18:18:50] 执行定时检查...
[2026-07-30 18:18:50] ==================================================
[2026-07-30 18:18:50] 开始检查构建状态
[2026-07-30 18:18:50] 错误：未设置 GITHUB_TOKEN 环境变量
[2026-07-30 18:33:50] 执行定时检查...
[2026-07-30 18:33:50] ==================================================
[2026-07-30 18:33:50] 开始检查构建状态
[2026-07-30 18:33:50] 错误：未设置 GITHUB_TOKEN 环境变量
[2026-07-30 18:48:50] 执行定时检查...
[2026-07-30 18:48:50] ==================================================
[2026-07-30 18:48:50] 开始检查构建状态
[2026-07-30 18:48:50] 错误：未设置 GITHUB_TOKEN 环境变量
[2026-07-30 19:03:50] 执行定时检查...
[2026-07-30 19:03:50] ==================================================
[2026-07-30 19:03:50] 开始检查构建状态
[2026-07-30 19:03:50] 错误：未设置 GITHUB_TOKEN 环境变量
[2026-07-30 19:18:50] 执行定时检查...
[2026-07-30 19:18:50] ==================================================
[2026-07-30 19:18:50] 开始检查构建状态
[2026-07-30 19:18:50] 错误：未设置 GITHUB_TOKEN 环境变量
[2026-07-30 19:33:50] 执行定时检查...
[2026-07-30 19:33:50] ==================================================
[2026-07-30 19:33:50] 开始检查构建状态
[2026-07-30 19:33:50] 错误：未设置 GITHUB_TOKEN 环境变量
[2026-07-30 19:48:50] 执行定时检查...
[2026-07-30 19:48:51] ==================================================
[2026-07-30 19:48:51] 开始检查构建状态
[2026-07-30 19:48:51] 错误：未设置 GITHUB_TOKEN 环境变量
[2026-07-30 20:03:51] 执行定时检查...
[2026-07-30 20:03:51] ==================================================
[2026-07-30 20:03:51] 开始检查构建状态
[2026-07-30 20:03:51] 错误：未设置 GITHUB_TOKEN 环境变量
[2026-07-30 20:18:51] 执行定时检查...
[2026-07-30 20:18:51] ==================================================
[2026-07-30 20:18:51] 开始检查构建状态
[2026-07-30 20:18:51] 错误：未设置 GITHUB_TOKEN 环境变量
[2026-07-30 20:33:51] 执行定时检查...
[2026-07-30 20:33:51] ==================================================
[2026-07-30 20:33:51] 开始检查构建状态
[2026-07-30 20:33:51] 错误：未设置 GITHUB_TOKEN 环境变量
[2026-07-30 20:48:51] 执行定时检查...
[2026-07-30 20:48:51] ==================================================
[2026-07-30 20:48:51] 开始检查构建状态
[2026-07-30 20:48:51] 错误：未设置 GITHUB_TOKEN 环境变量
[2026-07-30 21:03:51] 执行定时检查...
[2026-07-30 21:03:51] ==================================================
[2026-07-30 21:03:51] 开始检查构建状态
[2026-07-30 21:03:51] 错误：未设置 GITHUB_TOKEN 环境变量
[2026-07-30 21:18:51] 执行定时检查...
[2026-07-30 21:18:51] ==================================================
[2026-07-30 21:18:51] 开始检查构建状态
[2026-07-30 21:18:51] 错误：未设置 GITHUB_TOKEN 环境变量
[2026-07-30 21:33:51] 执行定时检查...
[2026-07-30 21:33:51] ==================================================
[2026-07-30 21:33:51] 开始检查构建状态
[2026-07-30 21:33:51] 错误：未设置 GITHUB_TOKEN 环境变量
[2026-07-30 21:48:51] 执行定时检查...
[2026-07-30 21:48:51] ==================================================
[2026-07-30 21:48:51] 开始检查构建状态
[2026-07-30 21:48:51] 错误：未设置 GITHUB_TOKEN 环境变量
[2026-07-30 22:03:51] 执行定时检查...
[2026-07-30 22:03:51] ==================================================
[2026-07-30 22:03:51] 开始检查构建状态
[2026-07-30 22:03:51] 错误：未设置 GITHUB_TOKEN 环境变量
[2026-07-30 22:18:51] 执行定时检查...
[2026-07-30 22:18:51] ==================================================
[2026-07-30 22:18:51] 开始检查构建状态
[2026-07-30 22:18:51] 错误：未设置 GITHUB_TOKEN 环境变量
[2026-07-30 22:33:51] 执行定时检查...
[2026-07-30 22:33:51] ==================================================
[2026-07-30 22:33:51] 开始检查构建状态
[2026-07-30 22:33:51] 错误：未设置 GITHUB_TOKEN 环境变量
[2026-07-30 22:48:51] 执行定时检查...
[2026-07-30 22:48:51] ==================================================
[2026-07-30 22:48:51] 开始检查构建状态
[2026-07-30 22:48:51] 错误：未设置 GITHUB_TOKEN 环境变量
[2026-07-30 23:03:51] 执行定时检查...
[2026-07-30 23:03:51] ==================================================
[2026-07-30 23:03:51] 开始检查构建状态
[2026-07-30 23:03:51] 错误：未设置 GITHUB_TOKEN 环境变量
[2026-07-30 23:18:52] 执行定时检查...
[2026-07-30 23:18:52] ==================================================
[2026-07-30 23:18:52] 开始检查构建状态
[2026-07-30 23:18:52] 错误：未设置 GITHUB_TOKEN 环境变量
[2026-07-30 23:33:52] 执行定时检查...
[2026-07-30 23:33:52] ==================================================
[2026-07-30 23:33:52] 开始检查构建状态
[2026-07-30 23:33:52] 错误：未设置 GITHUB_TOKEN 环境变量
[2026-07-30 23:48:52] 执行定时检查...
[2026-07-30 23:48:52] ==================================================
[2026-07-30 23:48:52] 开始检查构建状态
[2026-07-30 23:48:52] 错误：未设置 GITHUB_TOKEN 环境变量
[2026-07-31 00:03:53] 执行定时检查...
[2026-07-31 00:03:53] ==================================================
[2026-07-31 00:03:53] 开始检查构建状态
[2026-07-31 00:03:53] 错误：未设置 GITHUB_TOKEN 环境变量
[2026-07-31 00:18:53] 执行定时检查...
[2026-07-31 00:18:53] ==================================================
[2026-07-31 00:18:53] 开始检查构建状态
[2026-07-31 00:18:53] 错误：未设置 GITHUB_TOKEN 环境变量
[2026-07-31 00:33:53] 执行定时检查...
[2026-07-31 00:33:53] ==================================================
[2026-07-31 00:33:53] 开始检查构建状态
[2026-07-31 00:33:53] 错误：未设置 GITHUB_TOKEN 环境变量
[2026-07-31 00:48:53] 执行定时检查...
[2026-07-31 00:48:53] ==================================================
[2026-07-31 00:48:53] 开始检查构建状态
[2026-07-31 00:48:53] 错误：未设置 GITHUB_TOKEN 环境变量
[2026-07-31 01:03:53] 执行定时检查...
[2026-07-31 01:03:53] ==================================================
[2026-07-31 01:03:53] 开始检查构建状态
[2026-07-31 01:03:53] 错误：未设置 GITHUB_TOKEN 环境变量
[2026-07-31 01:18:53] 执行定时检查...
[2026-07-31 01:18:53] ==================================================
[2026-07-31 01:18:53] 开始检查构建状态
[2026-07-31 01:18:53] 错误：未设置 GITHUB_TOKEN 环境变量
[2026-07-31 07:38:35] 已从 Git 凭据获取 Token
[2026-07-31 07:38:38] 已从 Git 凭据获取 Token
[2026-07-31 07:38:39] 最新构建：status=completed, conclusion=failure
[2026-07-31 07:38:39] 运行 URL: https://github.com/lookmeplus-l/HPC/actions/runs/30540608908
[2026-07-31 07:38:42] 已从 Git 凭据获取 Token
[2026-07-31 07:38:46] 已从 Git 凭据获取 Token
[2026-07-31 07:38:49] 已从 Git 凭据获取 Token
[2026-07-31 07:38:57] 已从 Git 凭据获取 Token
